▲ Next.js 16.1.6 (Turbopack)
- Environments: .env

⚠ The "middleware" file convention is deprecated. Please use "proxy" instead. Learn more: https://nextjs.org/docs/messages/middleware-to-proxy
  Creating an optimized production build ...
✓ Compiled successfully in 9.1s
  Running TypeScript ...
  Collecting page data using 11 workers ...
  Generating static pages using 11 workers (0/34) ...
  Generating static pages using 11 workers (8/34) 
  Generating static pages using 11 workers (16/34) 
  Generating static pages using 11 workers (25/34) 
✓ Generating static pages using 11 workers (34/34) in 446.6ms
  Finalizing page optimization ...

Route (app)
┌ ○ /
├ ○ /_not-found
├ ○ /about
├ ƒ /admin
├ ○ /admin/blog
├ ƒ /admin/blog/[id]
├ ○ /admin/blog/new
├ ○ /admin/login
├ ○ /admin/media
├ ○ /admin/projects
├ ƒ /admin/projects/[id]
├ ○ /admin/projects/new
├ ○ /admin/services
├ ƒ /admin/services/[id]
├ ○ /admin/services/new
├ ○ /admin/settings
├ ○ /admin/team
├ ƒ /admin/team/[id]
├ ○ /admin/team/new
├ ƒ /api/auth/[...nextauth]
├ ƒ /api/blog
├ ƒ /api/blog/[id]
├ ƒ /api/contact
├ ƒ /api/media
├ ƒ /api/media/[id]
├ ƒ /api/migrate
├ ƒ /api/projects
├ ƒ /api/projects/[id]
├ ƒ /api/services
├ ƒ /api/services/[id]
├ ƒ /api/settings
├ ƒ /api/setup
├ ƒ /api/team
├ ƒ /api/team/[id]
├ ƒ /api/upload
├ ƒ /api/upload/chunk
├ ƒ /api/uploads/[...path]
├ ○ /blog
├ ƒ /blog/[slug]
├ ○ /contact
├ ○ /privacy
├ ○ /projects
├ ƒ /projects/[slug]
├ ○ /services
├ ○ /team
└ ○ /terms


ƒ Proxy (Middleware)

○  (Static)   prerendered as static content
ƒ  (Dynamic)  server-rendered on demand

